{"timestamp": "2026-06-10T09:52:24.214645+00:00", "level": "CRITICAL", "event": "slow_request_detected", "request_id": "0a397e14-b0ea-426c-b313-f310cfedd7cb", "endpoint": "/api/run-simulation", "method": "POST", "duration_ms": 6319.56, "status_code": 200, "message": "Request took 6319.56ms which is critical (>5000ms)"}
{"timestamp": "2026-06-10T09:53:54.459754+00:00", "level": "WARNING", "event": "retry_triggered", "request_id": "test-id", "attempt": 1, "max_retries": 2, "url": "test", "error": "timeout"}
{"timestamp": "2026-06-10T09:53:54.460413+00:00", "level": "WARNING", "event": "benchmark_fallback", "request_id": "test-id", "failed_source": "VN30", "fallback_source": "VNINDEX"}
{"timestamp": "2026-06-10T09:53:54.460932+00:00", "level": "ERROR", "event": "exception_raised", "request_id": "test-id", "error_code": "TEST_ERROR", "message": "test message", "details": null}
{"timestamp": "2026-06-10T09:53:54.476916+00:00", "level": "WARNING", "event": "retry_triggered", "request_id": "test", "attempt": 1, "max_retries": 2, "url": "stock/FPT", "error": "Network error"}
{"timestamp": "2026-06-10T09:53:55.478174+00:00", "level": "WARNING", "event": "retry_triggered", "request_id": "test", "attempt": 2, "max_retries": 2, "url": "stock/FPT", "error": "Network error"}
{"timestamp": "2026-06-10T09:53:57.479821+00:00", "level": "ERROR", "event": "exception_raised", "request_id": "test", "error_code": "DATA_FETCH_ERROR", "message": "Failed to fetch FPT after 3 attempts", "details": {"ticker": "FPT", "last_error": "Network error"}}
{"timestamp": "2026-06-10T09:53:57.483860+00:00", "level": "WARNING", "event": "benchmark_fallback", "request_id": "test", "failed_source": "VN30", "fallback_source": "VNINDEX"}
{"timestamp": "2026-06-10T09:53:57.484374+00:00", "level": "WARNING", "event": "benchmark_fallback", "request_id": "test", "failed_source": "VNINDEX", "fallback_source": "NONE"}
{"timestamp": "2026-06-10T09:54:09.650687+00:00", "level": "WARNING", "event": "slow_request_detected", "request_id": "bba7ccb7-34be-4304-b67c-1b06b8454f12", "endpoint": "/api/run-simulation", "method": "POST", "duration_ms": 2035.26, "status_code": 200, "message": "Request took 2035.26ms which is slow (>1000ms)"}
{"timestamp": "2026-06-10T09:54:11.022381+00:00", "level": "WARNING", "event": "retry_triggered", "request_id": "test-id", "attempt": 1, "max_retries": 2, "url": "test", "error": "timeout"}
{"timestamp": "2026-06-10T09:54:11.023430+00:00", "level": "WARNING", "event": "benchmark_fallback", "request_id": "test-id", "failed_source": "VN30", "fallback_source": "VNINDEX"}
{"timestamp": "2026-06-10T09:54:11.024473+00:00", "level": "ERROR", "event": "exception_raised", "request_id": "test-id", "error_code": "TEST_ERROR", "message": "test message", "details": null}
{"timestamp": "2026-06-10T09:54:11.039220+00:00", "level": "WARNING", "event": "retry_triggered", "request_id": "test", "attempt": 1, "max_retries": 2, "url": "stock/FPT", "error": "Network error"}
{"timestamp": "2026-06-10T09:54:12.040944+00:00", "level": "WARNING", "event": "retry_triggered", "request_id": "test", "attempt": 2, "max_retries": 2, "url": "stock/FPT", "error": "Network error"}
{"timestamp": "2026-06-10T09:54:14.042480+00:00", "level": "ERROR", "event": "exception_raised", "request_id": "test", "error_code": "DATA_FETCH_ERROR", "message": "Failed to fetch FPT after 3 attempts", "details": {"ticker": "FPT", "last_error": "Network error"}}
{"timestamp": "2026-06-10T09:54:14.046800+00:00", "level": "WARNING", "event": "benchmark_fallback", "request_id": "test", "failed_source": "VN30", "fallback_source": "VNINDEX"}
{"timestamp": "2026-06-10T09:54:14.047309+00:00", "level": "WARNING", "event": "benchmark_fallback", "request_id": "test", "failed_source": "VNINDEX", "fallback_source": "NONE"}
{"timestamp": "2026-06-10T09:54:15.514501+00:00", "level": "ERROR", "event": "exception_raised", "request_id": "f8666acf-087", "error_code": "VALIDATION_ERROR", "message": "Constraints are infeasible: min_weight (0.4) * number of symbols (3) > 1.0", "details": null}
{"timestamp": "2026-06-10T09:54:15.516065+00:00", "level": "WARNING", "event": "slow_request_detected", "request_id": "4e88eeee-0ebe-4b6f-9856-dfec442490d1", "endpoint": "/api/quant/optimize", "method": "POST", "duration_ms": 1203.45, "status_code": 400, "message": "Request took 1203.45ms which is slow (>1000ms)"}
{"timestamp": "2026-06-10T09:54:33.582271+00:00", "level": "CRITICAL", "event": "slow_request_detected", "request_id": "65c18100-08fd-4da1-8830-8b2e07147429", "endpoint": "/api/ai/research", "method": "POST", "duration_ms": 17425.92, "status_code": 200, "message": "Request took 17425.92ms which is critical (>5000ms)"}
{"timestamp": "2026-06-10T09:55:08.151336+00:00", "level": "WARNING", "event": "slow_request_detected", "request_id": "7e574d16-861d-4a4b-964e-08ccd93e270b", "endpoint": "/api/run-simulation", "method": "POST", "duration_ms": 1963.3, "status_code": 200, "message": "Request took 1963.30ms which is slow (>1000ms)"}
{"timestamp": "2026-06-10T09:55:08.755910+00:00", "level": "WARNING", "event": "retry_triggered", "request_id": "test-id", "attempt": 1, "max_retries": 2, "url": "test", "error": "timeout"}
{"timestamp": "2026-06-10T09:55:08.756942+00:00", "level": "WARNING", "event": "benchmark_fallback", "request_id": "test-id", "failed_source": "VN30", "fallback_source": "VNINDEX"}
{"timestamp": "2026-06-10T09:55:08.757451+00:00", "level": "ERROR", "event": "exception_raised", "request_id": "test-id", "error_code": "TEST_ERROR", "message": "test message", "details": null}
{"timestamp": "2026-06-10T09:55:08.762082+00:00", "level": "WARNING", "event": "retry_triggered", "request_id": "test", "attempt": 1, "max_retries": 2, "url": "stock/FPT", "error": "Network error"}
{"timestamp": "2026-06-10T09:55:09.763383+00:00", "level": "WARNING", "event": "retry_triggered", "request_id": "test", "attempt": 2, "max_retries": 2, "url": "stock/FPT", "error": "Network error"}
{"timestamp": "2026-06-10T09:55:11.764544+00:00", "level": "ERROR", "event": "exception_raised", "request_id": "test", "error_code": "DATA_FETCH_ERROR", "message": "Failed to fetch FPT after 3 attempts", "details": {"ticker": "FPT", "last_error": "Network error"}}
{"timestamp": "2026-06-10T09:55:11.769452+00:00", "level": "WARNING", "event": "benchmark_fallback", "request_id": "test", "failed_source": "VN30", "fallback_source": "VNINDEX"}
{"timestamp": "2026-06-10T09:55:11.770515+00:00", "level": "WARNING", "event": "benchmark_fallback", "request_id": "test", "failed_source": "VNINDEX", "fallback_source": "NONE"}
{"timestamp": "2026-06-10T09:55:12.088742+00:00", "level": "ERROR", "event": "exception_raised", "request_id": "5d6dbcbc-3eb", "error_code": "VALIDATION_ERROR", "message": "Constraints are infeasible: min_weight (0.4) * number of symbols (3) > 1.0", "details": null}
{"timestamp": "2026-06-10T09:55:39.933039+00:00", "level": "CRITICAL", "event": "slow_request_detected", "request_id": "bad0b689-4418-438d-abb6-88921ac0c871", "endpoint": "/api/ai/research", "method": "POST", "duration_ms": 27410.35, "status_code": 200, "message": "Request took 27410.35ms which is critical (>5000ms)"}
{"timestamp": "2026-06-10T12:56:53.235868+00:00", "level": "CRITICAL", "event": "request_failed", "request_id": "53945caf-f03c-4b3c-8591-f28fbcf3661b", "endpoint": "/api/auth/refresh", "method": "POST", "error_type": "AttributeError", "message": "'RefreshToken' object has no attribute 'token'"}
{"timestamp": "2026-06-10T12:57:00.884379+00:00", "level": "WARNING", "event": "slow_request_detected", "request_id": "ff458e22-539b-4019-ad15-d99d66c9e9ee", "user_id": "4", "endpoint": "/api/portfolios/4/holdings", "method": "GET", "duration_ms": 1713.16, "status_code": 200, "message": "Request took 1713.16ms which is slow (>1000ms)"}
{"timestamp": "2026-06-10T12:57:02.562035+00:00", "level": "WARNING", "event": "slow_request_detected", "request_id": "c87fcbad-c6eb-4daf-848e-fe74486714f4", "user_id": "4", "endpoint": "/api/portfolios/4/holdings", "method": "GET", "duration_ms": 1657.02, "status_code": 200, "message": "Request took 1657.02ms which is slow (>1000ms)"}
{"timestamp": "2026-06-10T12:57:03.440216+00:00", "level": "WARNING", "event": "slow_request_detected", "request_id": "4255a22e-14cb-4a08-ab6b-f41d9ed5f529", "user_id": "4", "endpoint": "/api/current-prices", "method": "GET", "duration_ms": 1894.63, "status_code": 200, "message": "Request took 1894.63ms which is slow (>1000ms)"}
{"timestamp": "2026-06-10T12:57:04.932729+00:00", "level": "WARNING", "event": "slow_request_detected", "request_id": "43c084ec-1e04-412a-822c-6e9ead26e5bd", "user_id": "4", "endpoint": "/api/portfolios/4/holdings", "method": "GET", "duration_ms": 1754.16, "status_code": 200, "message": "Request took 1754.16ms which is slow (>1000ms)"}
{"timestamp": "2026-06-10T12:57:05.232179+00:00", "level": "WARNING", "event": "slow_request_detected", "request_id": "033da178-7104-440a-a253-a3011ed1e865", "user_id": "4", "endpoint": "/api/current-prices", "method": "GET", "duration_ms": 1702.45, "status_code": 200, "message": "Request took 1702.45ms which is slow (>1000ms)"}
{"timestamp": "2026-06-10T12:57:06.547009+00:00", "level": "WARNING", "event": "slow_request_detected", "request_id": "8fd95c11-2d3e-449f-9795-b4df25e2929e", "user_id": "4", "endpoint": "/api/portfolios/4/holdings", "method": "GET", "duration_ms": 1611.49, "status_code": 200, "message": "Request took 1611.49ms which is slow (>1000ms)"}
{"timestamp": "2026-06-10T12:57:07.484579+00:00", "level": "WARNING", "event": "slow_request_detected", "request_id": "79e463b4-6514-46d2-9b0d-c1ae46bb0305", "user_id": "4", "endpoint": "/api/current-prices", "method": "GET", "duration_ms": 1931.7, "status_code": 200, "message": "Request took 1931.70ms which is slow (>1000ms)"}
{"timestamp": "2026-06-10T12:57:08.084093+00:00", "level": "WARNING", "event": "slow_request_detected", "request_id": "6a6e33fe-81ba-46cb-85b0-4639537f4865", "user_id": "4", "endpoint": "/api/portfolios/4/holdings", "method": "GET", "duration_ms": 1533.46, "status_code": 200, "message": "Request took 1533.46ms which is slow (>1000ms)"}
{"timestamp": "2026-06-10T12:57:19.993632+00:00", "level": "WARNING", "event": "slow_request_detected", "request_id": "64031a85-08e5-4b8a-96fd-1321efa708d4", "user_id": "4", "endpoint": "/api/current-prices", "method": "GET", "duration_ms": 1607.79, "status_code": 200, "message": "Request took 1607.79ms which is slow (>1000ms)"}
{"timestamp": "2026-06-10T12:57:21.185847+00:00", "level": "WARNING", "event": "slow_request_detected", "request_id": "fd73ed16-e092-4b30-a392-a36d80ef1469", "user_id": "4", "endpoint": "/api/portfolios/4/performance", "method": "GET", "duration_ms": 1564.81, "status_code": 200, "message": "Request took 1564.81ms which is slow (>1000ms)"}
{"timestamp": "2026-06-10T12:57:22.488886+00:00", "level": "WARNING", "event": "slow_request_detected", "request_id": "6fedcca4-86ea-435b-820e-9667741cf12c", "user_id": "4", "endpoint": "/api/current-prices", "method": "GET", "duration_ms": 1481.67, "status_code": 200, "message": "Request took 1481.67ms which is slow (>1000ms)"}
{"timestamp": "2026-06-10T12:57:29.182641+00:00", "level": "WARNING", "event": "slow_request_detected", "request_id": "595ea730-805b-4a90-a6ea-24618f4073b4", "user_id": "4", "endpoint": "/api/portfolios/4/holdings", "method": "GET", "duration_ms": 1453.11, "status_code": 200, "message": "Request took 1453.11ms which is slow (>1000ms)"}
{"timestamp": "2026-06-10T12:57:31.069405+00:00", "level": "WARNING", "event": "slow_request_detected", "request_id": "d195b5f0-4c3c-4fa3-91d8-320e65cf2249", "user_id": "4", "endpoint": "/api/portfolios/4/holdings", "method": "GET", "duration_ms": 1883.24, "status_code": 200, "message": "Request took 1883.24ms which is slow (>1000ms)"}
{"timestamp": "2026-06-10T12:57:31.077275+00:00", "level": "WARNING", "event": "slow_request_detected", "request_id": "4b47a969-c732-4e4e-8700-1b4186634e78", "user_id": "4", "endpoint": "/api/current-prices", "method": "GET", "duration_ms": 1885.62, "status_code": 200, "message": "Request took 1885.62ms which is slow (>1000ms)"}
{"timestamp": "2026-06-10T12:57:34.043899+00:00", "level": "WARNING", "event": "slow_request_detected", "request_id": "3a43e433-0d66-4192-ae7c-7dccdf0c7124", "user_id": "4", "endpoint": "/api/current-prices", "method": "GET", "duration_ms": 2961.58, "status_code": 200, "message": "Request took 2961.58ms which is slow (>1000ms)"}
{"timestamp": "2026-06-10T12:57:37.122682+00:00", "level": "WARNING", "event": "slow_request_detected", "request_id": "4054c77c-fd9e-43b8-9e89-3e7df73d92fd", "user_id": "4", "endpoint": "/api/current-prices", "method": "GET", "duration_ms": 1504.2, "status_code": 200, "message": "Request took 1504.20ms which is slow (>1000ms)"}
{"timestamp": "2026-06-10T12:57:38.661522+00:00", "level": "WARNING", "event": "slow_request_detected", "request_id": "e068f073-3b23-4729-b75c-5470f467d9c1", "user_id": "4", "endpoint": "/api/current-prices", "method": "GET", "duration_ms": 1387.89, "status_code": 200, "message": "Request took 1387.89ms which is slow (>1000ms)"}
{"timestamp": "2026-06-10T12:57:40.312212+00:00", "level": "WARNING", "event": "slow_request_detected", "request_id": "a469c2f8-a959-4c3d-b375-e93e9f1040d6", "user_id": "4", "endpoint": "/api/current-prices", "method": "GET", "duration_ms": 1413.37, "status_code": 200, "message": "Request took 1413.37ms which is slow (>1000ms)"}
{"timestamp": "2026-06-10T12:57:55.888613+00:00", "level": "CRITICAL", "event": "slow_request_detected", "request_id": "7373ceeb-f854-43ce-b3e7-b91b04cf090f", "user_id": "4", "endpoint": "/api/quant/optimize", "method": "POST", "duration_ms": 6037.51, "status_code": 200, "message": "Request took 6037.51ms which is critical (>5000ms)"}
{"timestamp": "2026-06-10T13:06:42.830415+00:00", "level": "WARNING", "event": "slow_request_detected", "request_id": "78d8104b-df81-420e-82d0-68d704068b4b", "user_id": "4", "endpoint": "/api/portfolios/4/holdings", "method": "GET", "duration_ms": 1828.06, "status_code": 200, "message": "Request took 1828.06ms which is slow (>1000ms)"}
{"timestamp": "2026-06-10T13:06:44.456610+00:00", "level": "WARNING", "event": "slow_request_detected", "request_id": "dce11755-d7d6-4047-bce9-c144a6deb7f8", "user_id": "4", "endpoint": "/api/portfolios/4/holdings", "method": "GET", "duration_ms": 1621.59, "status_code": 200, "message": "Request took 1621.59ms which is slow (>1000ms)"}
{"timestamp": "2026-06-10T13:06:45.464531+00:00", "level": "WARNING", "event": "slow_request_detected", "request_id": "619e2101-57f7-45ad-91b2-9a2aec804578", "user_id": "4", "endpoint": "/api/current-prices", "method": "GET", "duration_ms": 1608.89, "status_code": 200, "message": "Request took 1608.89ms which is slow (>1000ms)"}
{"timestamp": "2026-06-10T13:07:18.937548+00:00", "level": "WARNING", "event": "slow_request_detected", "request_id": "9a54ae83-f592-4cdc-b455-7c6ccd345bfb", "user_id": "4", "endpoint": "/api/portfolios/4/holdings", "method": "GET", "duration_ms": 1489.6, "status_code": 200, "message": "Request took 1489.60ms which is slow (>1000ms)"}
{"timestamp": "2026-06-10T13:07:47.653631+00:00", "level": "WARNING", "event": "slow_request_detected", "request_id": "aa0afaf8-89f7-49a5-a1b2-bbe6ac93023e", "user_id": "4", "endpoint": "/api/current-prices", "method": "GET", "duration_ms": 1402.7, "status_code": 200, "message": "Request took 1402.70ms which is slow (>1000ms)"}
{"timestamp": "2026-06-10T13:08:06.948148+00:00", "level": "CRITICAL", "event": "slow_request_detected", "request_id": "bb2e197b-c27a-43d6-8442-9f902bfaa130", "user_id": "4", "endpoint": "/api/run-simulation", "method": "POST", "duration_ms": 16700.96, "status_code": 200, "message": "Request took 16700.96ms which is critical (>5000ms)"}
{"timestamp": "2026-06-10T13:08:11.870656+00:00", "level": "CRITICAL", "event": "slow_request_detected", "request_id": "df92c227-6a57-4ba3-8aa8-740606f8a0c9", "user_id": "4", "endpoint": "/api/news", "method": "GET", "duration_ms": 21619.07, "status_code": 200, "message": "Request took 21619.07ms which is critical (>5000ms)"}
{"timestamp": "2026-06-10T13:09:39.360774+00:00", "level": "WARNING", "event": "slow_request_detected", "request_id": "cef48d98-f9e3-45e6-9b16-d0f9463774d7", "user_id": "4", "endpoint": "/api/portfolios/4/performance", "method": "GET", "duration_ms": 1601.17, "status_code": 200, "message": "Request took 1601.17ms which is slow (>1000ms)"}
{"timestamp": "2026-06-10T13:10:31.209958+00:00", "level": "WARNING", "event": "slow_request_detected", "request_id": "c874a512-dd9b-4d1a-a032-4702274a187a", "user_id": "4", "endpoint": "/api/optimization/optimize", "method": "POST", "duration_ms": 1449.66, "status_code": 200, "message": "Request took 1449.66ms which is slow (>1000ms)"}
{"timestamp": "2026-06-10T13:11:28.707387+00:00", "level": "WARNING", "event": "slow_request_detected", "request_id": "7ec20f44-3542-43bd-8a3a-76fcb0eeb175", "user_id": "4", "endpoint": "/api/quant/analyze", "method": "POST", "duration_ms": 3571.74, "status_code": 200, "message": "Request took 3571.74ms which is slow (>1000ms)"}
{"timestamp": "2026-06-10T13:12:13.672339+00:00", "level": "WARNING", "event": "slow_request_detected", "request_id": "30e20839-6f6c-4f03-aee3-5aaf10e88512", "user_id": "4", "endpoint": "/api/quant/backtest", "method": "POST", "duration_ms": 3065.38, "status_code": 200, "message": "Request took 3065.38ms which is slow (>1000ms)"}
{"timestamp": "2026-06-10T13:13:07.888494+00:00", "level": "WARNING", "event": "slow_request_detected", "request_id": "ed8da660-9a67-447e-b0e4-0ea81313b1e8", "user_id": "4", "endpoint": "/api/quant/optimize", "method": "POST", "duration_ms": 2031.69, "status_code": 200, "message": "Request took 2031.69ms which is slow (>1000ms)"}
{"timestamp": "2026-06-10T13:14:22.070415+00:00", "level": "CRITICAL", "event": "slow_request_detected", "request_id": "456482a8-9c99-47bb-838b-416cbd2ccf7a", "user_id": "4", "endpoint": "/api/ai/research", "method": "POST", "duration_ms": 38620.34, "status_code": 200, "message": "Request took 38620.34ms which is critical (>5000ms)"}
{"timestamp": "2026-06-10T13:14:53.272216+00:00", "level": "WARNING", "event": "slow_request_detected", "request_id": "0c9da703-84b6-4a2a-a638-6a0dddea193c", "user_id": "4", "endpoint": "/api/financials/FPT", "method": "GET", "duration_ms": 1097.54, "status_code": 200, "message": "Request took 1097.54ms which is slow (>1000ms)"}
{"timestamp": "2026-06-10T13:16:50.243328+00:00", "level": "CRITICAL", "event": "slow_request_detected", "request_id": "dcbd43f2-3ecb-43ba-abb7-01534a7d2563", "endpoint": "/api/run-simulation", "method": "POST", "duration_ms": 7273.74, "status_code": 200, "message": "Request took 7273.74ms which is critical (>5000ms)"}
{"timestamp": "2026-06-10T13:16:51.731488+00:00", "level": "WARNING", "event": "slow_request_detected", "request_id": "5fb89362-11a0-4d27-b5ee-1cd8a754ff5a", "endpoint": "/api/evaluate-portfolio", "method": "POST", "duration_ms": 1474.07, "status_code": 200, "message": "Request took 1474.07ms which is slow (>1000ms)"}
{"timestamp": "2026-06-10T13:16:53.167742+00:00", "level": "WARNING", "event": "slow_request_detected", "request_id": "5f630def-7cff-4e7a-81fd-053fd33d8272", "endpoint": "/api/quant/analyze", "method": "POST", "duration_ms": 1361.38, "status_code": 400, "message": "Request took 1361.38ms which is slow (>1000ms)"}
{"timestamp": "2026-06-10T13:16:54.005676+00:00", "level": "WARNING", "event": "retry_triggered", "request_id": "test-id", "attempt": 1, "max_retries": 2, "url": "test", "error": "timeout"}
{"timestamp": "2026-06-10T13:16:54.005676+00:00", "level": "WARNING", "event": "benchmark_fallback", "request_id": "test-id", "failed_source": "VN30", "fallback_source": "VNINDEX"}
{"timestamp": "2026-06-10T13:16:54.005676+00:00", "level": "ERROR", "event": "exception_raised", "request_id": "test-id", "error_code": "TEST_ERROR", "message": "test message", "details": null}
{"timestamp": "2026-06-10T13:16:54.013314+00:00", "level": "WARNING", "event": "retry_triggered", "request_id": "test", "attempt": 1, "max_retries": 2, "url": "stock/FPT", "error": "Network error"}
{"timestamp": "2026-06-10T13:16:55.014271+00:00", "level": "WARNING", "event": "retry_triggered", "request_id": "test", "attempt": 2, "max_retries": 2, "url": "stock/FPT", "error": "Network error"}
{"timestamp": "2026-06-10T13:16:57.014826+00:00", "level": "ERROR", "event": "exception_raised", "request_id": "test", "error_code": "DATA_FETCH_ERROR", "message": "Failed to fetch FPT after 3 attempts", "details": {"ticker": "FPT", "last_error": "Network error"}}
{"timestamp": "2026-06-10T13:16:57.020028+00:00", "level": "WARNING", "event": "benchmark_fallback", "request_id": "test", "failed_source": "VN30", "fallback_source": "VNINDEX"}
{"timestamp": "2026-06-10T13:16:57.020566+00:00", "level": "WARNING", "event": "benchmark_fallback", "request_id": "test", "failed_source": "VNINDEX", "fallback_source": "NONE"}
{"timestamp": "2026-06-10T13:17:01.407004+00:00", "level": "ERROR", "event": "exception_raised", "request_id": "8553d526-f89", "error_code": "VALIDATION_ERROR", "message": "Constraints are infeasible: min_weight (0.4) * number of symbols (3) > 1.0", "details": null}
{"timestamp": "2026-06-10T13:17:01.408508+00:00", "level": "WARNING", "event": "slow_request_detected", "request_id": "f84b56e6-005e-4697-8a86-3b25a41a4b72", "endpoint": "/api/quant/optimize", "method": "POST", "duration_ms": 3370.89, "status_code": 400, "message": "Request took 3370.89ms which is slow (>1000ms)"}
{"timestamp": "2026-06-10T13:17:21.645716+00:00", "level": "CRITICAL", "event": "slow_request_detected", "request_id": "daf70546-8ecf-4a84-b0b4-8a6ba79df9cc", "endpoint": "/api/ai/research", "method": "POST", "duration_ms": 19194.12, "status_code": 200, "message": "Request took 19194.12ms which is critical (>5000ms)"}
{"timestamp": "2026-06-10T13:19:06.854080+00:00", "level": "CRITICAL", "event": "slow_request_detected", "request_id": "c739d40c-11e0-4b2e-9555-1e04638de291", "endpoint": "/api/run-simulation", "method": "POST", "duration_ms": 6094.08, "status_code": 200, "message": "Request took 6094.08ms which is critical (>5000ms)"}
{"timestamp": "2026-06-10T13:19:07.304042+00:00", "level": "WARNING", "event": "retry_triggered", "request_id": "test-id", "attempt": 1, "max_retries": 2, "url": "test", "error": "timeout"}
{"timestamp": "2026-06-10T13:19:07.304042+00:00", "level": "WARNING", "event": "benchmark_fallback", "request_id": "test-id", "failed_source": "VN30", "fallback_source": "VNINDEX"}
{"timestamp": "2026-06-10T13:19:07.304580+00:00", "level": "ERROR", "event": "exception_raised", "request_id": "test-id", "error_code": "TEST_ERROR", "message": "test message", "details": null}
{"timestamp": "2026-06-10T13:19:07.315228+00:00", "level": "WARNING", "event": "retry_triggered", "request_id": "test", "attempt": 1, "max_retries": 2, "url": "stock/FPT", "error": "Network error"}
{"timestamp": "2026-06-10T13:19:08.316057+00:00", "level": "WARNING", "event": "retry_triggered", "request_id": "test", "attempt": 2, "max_retries": 2, "url": "stock/FPT", "error": "Network error"}
{"timestamp": "2026-06-10T13:19:10.319124+00:00", "level": "ERROR", "event": "exception_raised", "request_id": "test", "error_code": "DATA_FETCH_ERROR", "message": "Failed to fetch FPT after 3 attempts", "details": {"ticker": "FPT", "last_error": "Network error"}}
{"timestamp": "2026-06-10T13:19:10.323725+00:00", "level": "WARNING", "event": "benchmark_fallback", "request_id": "test", "failed_source": "VN30", "fallback_source": "VNINDEX"}
{"timestamp": "2026-06-10T13:19:10.324261+00:00", "level": "WARNING", "event": "benchmark_fallback", "request_id": "test", "failed_source": "VNINDEX", "fallback_source": "NONE"}
{"timestamp": "2026-06-10T13:19:10.760322+00:00", "level": "ERROR", "event": "exception_raised", "request_id": "0be4e88e-d10", "error_code": "VALIDATION_ERROR", "message": "Constraints are infeasible: min_weight (0.4) * number of symbols (3) > 1.0", "details": null}
{"timestamp": "2026-06-10T13:19:56.098819+00:00", "level": "CRITICAL", "event": "slow_request_detected", "request_id": "2269ec88-32ec-4a50-8c47-9579103c0b57", "endpoint": "/api/ai/research", "method": "POST", "duration_ms": 44292.65, "status_code": 200, "message": "Request took 44292.65ms which is critical (>5000ms)"}
